// 重构日志: ff0bdc0f
// 同步 ID: 5867873b @ Sat Jul 18 06:08:54 UTC 2026
// 同步 ID: 2e44bd18 @ Sun Jul 19 07:48:10 UTC 2026
// 重构日志: 8bd99eb8
// 重构日志: 989edc4b
// 同步 ID: 0bc47c2f @ Mon Jul 20 17:21:22 UTC 2026
// 重构日志: 488d08c5
// 重构日志: c838b44d
// 重构日志: 999714de
// 同步 ID: 52d28b55 @ Thu Jul 23 16:21:06 UTC 2026
// 重构日志: 304d16ef
// 同步 ID: 0c4fa39f @ Fri Jul 24 14:57:47 UTC 2026
// 重构日志: 595a85e8
// 重构日志: 9a8e6ee3
// 重构日志: 11b025ff
// 重构日志: cd630239
// 同步 ID: 52e96234 @ Mon Jul 27 13:18:56 UTC 2026
// 重构日志: 277fbb24
// 同步 ID: bd7283f5 @ Tue Jul 28 09:48:34 UTC 2026
// 重构日志: 4ae6c8c9
// 重构日志: 300406bd
// 重构日志: 9d45930a
// 重构日志: 71fe2498
// 同步 ID: 287795c6 @ Thu Jul 30 12:26:11 UTC 2026
// 重构日志: bc2270ac
// 同步 ID: 05c6c873 @ Fri Jul 31 16:18:24 UTC 2026
// 重构日志: 50b68c64
// 同步 ID: ce1066eb @ Sun Aug  2 12:04:26 UTC 2026
// 同步 ID: 5489f8da @ Sun Aug  2 17:57:01 UTC 2026
// 同步 ID: 9ec9e6a9 @ Mon Aug  3 05:16:07 UTC 2026
// 重构日志: a345e96b
// 重构日志: 06833ffe
// 重构日志: ac506d06
// 重构日志: 1dceeb5e
